
[96m[1m================================================================================[0m
[96m[1mComprehensive FastAPI Endpoint Test[0m
[96m[1mTesting with: FL10.11 SPECIFIC8 (1).pdf[0m
[96m[1m================================================================================[0m

[96mℹ️  INFO: API Base URL: http://44.221.84.58:8500[0m
[92m✅ PASS: Found document: samples/FL10.11 SPECIFIC8 (1).pdf[0m

[94m================================================================================[0m
[94m[1mTEST: 1. Health Check[0m
[94m================================================================================[0m
[92m✅ PASS: GET /health - Status 200[0m

[94m================================================================================[0m
[94m[1mTEST: 2. Root Endpoint[0m
[94m================================================================================[0m
[92m✅ PASS: GET / - Status 200[0m
[92m✅ PASS: API Message: ARIS RAG System API Gateway[0m

[94m================================================================================[0m
[94m[1mTEST: 3. Upload Document[0m
[94m================================================================================[0m
[92m✅ PASS: POST /documents - Status 201[0m
[92m✅ PASS: Document uploaded: f481938f-3825-43e3-9363-34185ea235a3[0m
[96mℹ️  INFO: Document name: FL10.11 SPECIFIC8 (1).pdf[0m
[96mℹ️  INFO: Status: processing[0m
[96mℹ️  INFO: Chunks created: 0[0m
[96mℹ️  INFO: Pages: None[0m
[96mℹ️  INFO: Images detected: False[0m
[96mℹ️  INFO: Waiting 3 seconds for document processing...[0m

[94m================================================================================[0m
[94m[1mTEST: 4. List All Documents[0m
[94m================================================================================[0m
[92m✅ PASS: GET /documents - Status 200[0m
[92m✅ PASS: Found 101 document(s)[0m
[96mℹ️  INFO:   - test_document.pdf (ID: test-doc-123)[0m
[96mℹ️  INFO:   - FL10.11 SPECIFIC8 (1).pdf (ID: b2613e85-e646-4207-aace-9491253592bf)[0m
[96mℹ️  INFO:   - FL10.11 SPECIFIC8 (1).pdf (ID: 9da826ab-80f5-4a9c-964e-3dc5d2ac97e7)[0m

[94m================================================================================[0m
[94m[1mTEST: 5. Get Document by ID: f481938f-3825-43e3-9363-34185ea235a3[0m
[94m================================================================================[0m
[92m✅ PASS: GET /documents/f481938f-3825-43e3-9363-34185ea235a3 - Status 200[0m
[92m✅ PASS: Document retrieved: FL10.11 SPECIFIC8 (1).pdf[0m
[96mℹ️  INFO: Status: processing[0m
[96mℹ️  INFO: Chunks: 0[0m

[94m================================================================================[0m
[94m[1mTEST: 6. Update Document: f481938f-3825-43e3-9363-34185ea235a3[0m
[94m================================================================================[0m
[92m✅ PASS: PUT /documents/f481938f-3825-43e3-9363-34185ea235a3 - Status 200[0m
[92m✅ PASS: Document updated: FL10.11 SPECIFIC8 (1) - Updated.pdf[0m

[94m================================================================================[0m
[94m[1mTEST: 7. Query All Documents (No document_id)[0m
[94m================================================================================[0m
[92m✅ PASS: POST /query - Status 200[0m
[92m✅ PASS: Query successful - Answer length: 567[0m
[96mℹ️  INFO: Citations: 1[0m
[96mℹ️  INFO: Sources: ['FL10.11 SPECIFIC8 (1).pdf'][0m
[96mℹ️  INFO: Total tokens: 5449[0m
[96mℹ️  INFO: Answer preview: The main topic of the document "FL10.11 SPECIFIC8 (1).pdf" is the standard work procedure for batch change tank mixing for fill lines 10 and 11 during the night shift. It outlines the steps to determi...[0m

[94m================================================================================[0m
[94m[1mTEST: 8. Query Specific Document (document_id=f481938f-3825-43e3-9363-34185ea235a3)[0m
[94m================================================================================[0m
[91m❌ FAIL: POST /query - Request failed: ('Connection aborted.', RemoteDisconnected('Remote end closed connection without response'))[0m

[94m================================================================================[0m
[94m[1mTEST: 9. Query with Enhanced Parameters (temperature, max_tokens)[0m
[94m================================================================================[0m
[91m❌ FAIL: POST /query - Request failed: HTTPConnectionPool(host='44.221.84.58', port=8500): Max retries exceeded with url: /query (Caused by NewConnectionError('<urllib3.connection.HTTPConnection object at 0x7ef6a439cb80>: Failed to establish a new connection: [Errno 111] Connection refused'))[0m

[94m================================================================================[0m
[94m[1mTEST: 10. Get System Statistics[0m
[94m================================================================================[0m
[91m❌ FAIL: GET /stats - Request failed: HTTPConnectionPool(host='44.221.84.58', port=8500): Max retries exceeded with url: /stats (Caused by NewConnectionError('<urllib3.connection.HTTPConnection object at 0x7ef6a439d3f0>: Failed to establish a new connection: [Errno 111] Connection refused'))[0m

[94m================================================================================[0m
[94m[1mTEST: 11. Get Chunk Statistics[0m
[94m================================================================================[0m
[91m❌ FAIL: GET /stats/chunks - Request failed: HTTPConnectionPool(host='44.221.84.58', port=8500): Max retries exceeded with url: /stats/chunks (Caused by NewConnectionError('<urllib3.connection.HTTPConnection object at 0x7ef6a4577e20>: Failed to establish a new connection: [Errno 111] Connection refused'))[0m

[94m================================================================================[0m
[94m[1mTEST: 12. Get Document Images: f481938f-3825-43e3-9363-34185ea235a3[0m
[94m================================================================================[0m
[91m❌ FAIL: GET /documents/f481938f-3825-43e3-9363-34185ea235a3/images?limit=10 - Request failed: HTTPConnectionPool(host='44.221.84.58', port=8500): Max retries exceeded with url: /documents/f481938f-3825-43e3-9363-34185ea235a3/images?limit=10 (Caused by NewConnectionError('<urllib3.connection.HTTPConnection object at 0x7ef6a439d240>: Failed to establish a new connection: [Errno 111] Connection refused'))[0m

[94m================================================================================[0m
[94m[1mTEST: 13. Query Images[0m
[94m================================================================================[0m
[91m❌ FAIL: POST /query/images - Request failed: HTTPConnectionPool(host='44.221.84.58', port=8500): Max retries exceeded with url: /query/images (Caused by NewConnectionError('<urllib3.connection.HTTPConnection object at 0x7ef6a439c7c0>: Failed to establish a new connection: [Errno 111] Connection refused'))[0m

[94m================================================================================[0m
[94m[1mTEST: 14. Get Sync Status[0m
[94m================================================================================[0m
[91m❌ FAIL: GET /sync/status - Request failed: HTTPConnectionPool(host='44.221.84.58', port=8500): Max retries exceeded with url: /sync/status (Caused by NewConnectionError('<urllib3.connection.HTTPConnection object at 0x7ef6a439dcc0>: Failed to establish a new connection: [Errno 111] Connection refused'))[0m

[96m================================================================================[0m
[96m[1mTest Summary[0m
[96m================================================================================[0m
[92m✅ Passed: 7[0m
[91m❌ Failed: 7[0m
[93m⚠️  Warnings: 2[0m
[96m================================================================================[0m

[93m[1m================================================================================[0m
[93m[1m⚠️  SOME TESTS FAILED OR HAD WARNINGS[0m
[93m[1m================================================================================[0m

